{
  "version": "1.5.0",
  "plugins_used": [
    {
      "name": "ArtifactoryDetector"
    },
    {
      "name": "AWSKeyDetector"
    },
    {
      "name": "AzureStorageKeyDetector"
    },
    {
      "name": "Base64HighEntropyString",
      "limit": 4.5
    },
    {
      "name": "BasicAuthDetector"
    },
    {
      "name": "CloudantDetector"
    },
    {
      "name": "DiscordBotTokenDetector"
    },
    {
      "name": "GitHubTokenDetector"
    },
    {
      "name": "GitLabTokenDetector"
    },
    {
      "name": "HexHighEntropyString",
      "limit": 3.0
    },
    {
      "name": "IbmCloudIamDetector"
    },
    {
      "name": "IbmCosHmacDetector"
    },
    {
      "name": "IPPublicDetector"
    },
    {
      "name": "JwtTokenDetector"
    },
    {
      "name": "KeywordDetector",
      "keyword_exclude": ""
    },
    {
      "name": "MailchimpDetector"
    },
    {
      "name": "NpmDetector"
    },
    {
      "name": "OpenAIDetector"
    },
    {
      "name": "PrivateKeyDetector"
    },
    {
      "name": "PypiTokenDetector"
    },
    {
      "name": "SendGridDetector"
    },
    {
      "name": "SlackDetector"
    },
    {
      "name": "SoftlayerDetector"
    },
    {
      "name": "SquareOAuthDetector"
    },
    {
      "name": "StripeDetector"
    },
    {
      "name": "TelegramBotTokenDetector"
    },
    {
      "name": "TwilioKeyDetector"
    }
  ],
  "filters_used": [
    {
      "path": "detect_secrets.filters.allowlist.is_line_allowlisted"
    },
    {
      "path": "detect_secrets.filters.common.is_baseline_file",
      "filename": ".secrets.baseline"
    },
    {
      "path": "detect_secrets.filters.common.is_ignored_due_to_verification_policies",
      "min_level": 2
    },
    {
      "path": "detect_secrets.filters.heuristic.is_indirect_reference"
    },
    {
      "path": "detect_secrets.filters.heuristic.is_likely_id_string"
    },
    {
      "path": "detect_secrets.filters.heuristic.is_lock_file"
    },
    {
      "path": "detect_secrets.filters.heuristic.is_not_alphanumeric_string"
    },
    {
      "path": "detect_secrets.filters.heuristic.is_potential_uuid"
    },
    {
      "path": "detect_secrets.filters.heuristic.is_prefixed_with_dollar_sign"
    },
    {
      "path": "detect_secrets.filters.heuristic.is_sequential_string"
    },
    {
      "path": "detect_secrets.filters.heuristic.is_swagger_file"
    },
    {
      "path": "detect_secrets.filters.heuristic.is_templated_secret"
    },
    {
      "path": "detect_secrets.filters.regex.should_exclude_file",
      "pattern": [
        "(^|/)(pnpm-lock\\.yaml|\\.secrets\\.baseline)$|(^|/)dist/"
      ]
    }
  ],
  "results": {
    ".github/workflows/self-test.yml": [
      {
        "type": "Secret Keyword",
        "filename": ".github/workflows/self-test.yml",
        "hashed_secret": "7b114de001bff431498752c8c429389e893cd84a",
        "is_verified": false,
        "line_number": 142
      }
    ],
    "action.yml": [
      {
        "type": "Secret Keyword",
        "filename": "action.yml",
        "hashed_secret": "5ffe533b830f08a0326348a9160afafc8ada44db",
        "is_verified": false,
        "line_number": 277
      }
    ],
    "examples/service-caller.yml": [
      {
        "type": "Secret Keyword",
        "filename": "examples/service-caller.yml",
        "hashed_secret": "a27b4a6046f94156bc981a65f30b5e8a9898f67a",
        "is_verified": false,
        "line_number": 78
      },
      {
        "type": "Secret Keyword",
        "filename": "examples/service-caller.yml",
        "hashed_secret": "d659b168576f6a5128e8e573cd0738ecb019ffdd",
        "is_verified": false,
        "line_number": 78
      }
    ],
    "tests/env.test.ts": [
      {
        "type": "Secret Keyword",
        "filename": "tests/env.test.ts",
        "hashed_secret": "5e9fbbe0832ddd7989dcf3717d90db7fa6f907b8",
        "is_verified": false,
        "line_number": 52
      }
    ],
    "tests/fixtures/billing-job-payout.inputs.yml": [
      {
        "type": "Secret Keyword",
        "filename": "tests/fixtures/billing-job-payout.inputs.yml",
        "hashed_secret": "28d2c10380852cb3a5e2f65f2e5f2fd6e03f8269",
        "is_verified": false,
        "line_number": 36
      },
      {
        "type": "Secret Keyword",
        "filename": "tests/fixtures/billing-job-payout.inputs.yml",
        "hashed_secret": "4d5ffe1852074556b81a82f5c71c0623d33fd9da",
        "is_verified": false,
        "line_number": 36
      }
    ],
    "tests/fixtures/core-api-job-sweep.inputs.yml": [
      {
        "type": "Secret Keyword",
        "filename": "tests/fixtures/core-api-job-sweep.inputs.yml",
        "hashed_secret": "2f62dece7de9f0f068653882d9971150be1952b5",
        "is_verified": false,
        "line_number": 29
      },
      {
        "type": "Secret Keyword",
        "filename": "tests/fixtures/core-api-job-sweep.inputs.yml",
        "hashed_secret": "e98d48a026ce462137f22965c33697428a17c03b",
        "is_verified": false,
        "line_number": 29
      }
    ],
    "tests/fixtures/core-api.inputs.yml": [
      {
        "type": "Secret Keyword",
        "filename": "tests/fixtures/core-api.inputs.yml",
        "hashed_secret": "c9ee96d642818bf716256dd96d59c99c3c2ee72a",
        "is_verified": false,
        "line_number": 35
      },
      {
        "type": "Secret Keyword",
        "filename": "tests/fixtures/core-api.inputs.yml",
        "hashed_secret": "f3559e74aba038d3623ff1fe3c9d2a06dab44f6d",
        "is_verified": false,
        "line_number": 35
      }
    ],
    "tests/fixtures/inference-api.inputs.yml": [
      {
        "type": "Secret Keyword",
        "filename": "tests/fixtures/inference-api.inputs.yml",
        "hashed_secret": "11e2aab00672732d6a8d96dc0acfa27ef3d597ab",
        "is_verified": false,
        "line_number": 31
      },
      {
        "type": "Secret Keyword",
        "filename": "tests/fixtures/inference-api.inputs.yml",
        "hashed_secret": "eef4ed7277ea9fba7d5c73a001296c556108e209",
        "is_verified": false,
        "line_number": 31
      }
    ],
    "tests/fixtures/internal-portal.inputs.yml": [
      {
        "type": "Secret Keyword",
        "filename": "tests/fixtures/internal-portal.inputs.yml",
        "hashed_secret": "489d8347650479a4ef697fc9d0cbbf5786c66b45",
        "is_verified": false,
        "line_number": 17
      },
      {
        "type": "Secret Keyword",
        "filename": "tests/fixtures/internal-portal.inputs.yml",
        "hashed_secret": "e50befcd1622e4c474e8c27ec54c305c6e2db10e",
        "is_verified": false,
        "line_number": 17
      }
    ],
    "tests/fixtures/marketing-site.inputs.yml": [
      {
        "type": "Secret Keyword",
        "filename": "tests/fixtures/marketing-site.inputs.yml",
        "hashed_secret": "58cd26734e85d01fb3f433ae28a5600f743f7021",
        "is_verified": false,
        "line_number": 25
      },
      {
        "type": "Secret Keyword",
        "filename": "tests/fixtures/marketing-site.inputs.yml",
        "hashed_secret": "6f22b5fd4732608e43d33046e227329214df3a6e",
        "is_verified": false,
        "line_number": 25
      }
    ],
    "tests/fixtures/negative/cross-env-secret.inputs.yml": [
      {
        "type": "Secret Keyword",
        "filename": "tests/fixtures/negative/cross-env-secret.inputs.yml",
        "hashed_secret": "d0136653de82888ad266eb49384f28d05a0ae283",
        "is_verified": false,
        "line_number": 8
      },
      {
        "type": "Secret Keyword",
        "filename": "tests/fixtures/negative/cross-env-secret.inputs.yml",
        "hashed_secret": "ee3a97df29eed979a7cf51b208c7b1a20412e9ae",
        "is_verified": false,
        "line_number": 8
      }
    ],
    "tests/fixtures/negative/duplicate-across-blocks.inputs.yml": [
      {
        "type": "Secret Keyword",
        "filename": "tests/fixtures/negative/duplicate-across-blocks.inputs.yml",
        "hashed_secret": "866456f7bae9ed2f36803b68c200fd138a0d1b50",
        "is_verified": false,
        "line_number": 8
      },
      {
        "type": "Secret Keyword",
        "filename": "tests/fixtures/negative/duplicate-across-blocks.inputs.yml",
        "hashed_secret": "d0136653de82888ad266eb49384f28d05a0ae283",
        "is_verified": false,
        "line_number": 10
      },
      {
        "type": "Secret Keyword",
        "filename": "tests/fixtures/negative/duplicate-across-blocks.inputs.yml",
        "hashed_secret": "ee3a97df29eed979a7cf51b208c7b1a20412e9ae",
        "is_verified": false,
        "line_number": 10
      }
    ],
    "tests/fixtures/negative/empty-secret-id.inputs.yml": [
      {
        "type": "Secret Keyword",
        "filename": "tests/fixtures/negative/empty-secret-id.inputs.yml",
        "hashed_secret": "e5e209d3ce33a3a257eeba8f45ccb6bbe00fe2f4",
        "is_verified": false,
        "line_number": 8
      }
    ],
    "tests/fixtures/notifier.expected.yml": [
      {
        "type": "Hex High Entropy String",
        "filename": "tests/fixtures/notifier.expected.yml",
        "hashed_secret": "1ac7326eb6d7c58accb16e77ebae51c7754752e1",
        "is_verified": false,
        "line_number": 52
      }
    ],
    "tests/fixtures/notifier.inputs.yml": [
      {
        "type": "Secret Keyword",
        "filename": "tests/fixtures/notifier.inputs.yml",
        "hashed_secret": "433d6d177fbf568d9ffd4c35191fa01c5c03bef4",
        "is_verified": false,
        "line_number": 34
      },
      {
        "type": "Secret Keyword",
        "filename": "tests/fixtures/notifier.inputs.yml",
        "hashed_secret": "8c50222d1b6b38abc086d1928f8e0174c0c64546",
        "is_verified": false,
        "line_number": 34
      }
    ],
    "tests/inputs.test.ts": [
      {
        "type": "Secret Keyword",
        "filename": "tests/inputs.test.ts",
        "hashed_secret": "7190676f1c63317dbd6facc03e02a0982ef7b63b",
        "is_verified": false,
        "line_number": 59
      },
      {
        "type": "Secret Keyword",
        "filename": "tests/inputs.test.ts",
        "hashed_secret": "680e928afc5f623d3c4131649c1de3f2f762e488",
        "is_verified": false,
        "line_number": 65
      }
    ],
    "tests/redact.test.ts": [
      {
        "type": "Secret Keyword",
        "filename": "tests/redact.test.ts",
        "hashed_secret": "991375bc63e442e1fa50486b082db69ce4c2119b",
        "is_verified": false,
        "line_number": 21
      },
      {
        "type": "Secret Keyword",
        "filename": "tests/redact.test.ts",
        "hashed_secret": "deb54df66f1eb7974e6dc20f4595929e25b22de8",
        "is_verified": false,
        "line_number": 59
      }
    ],
    "tests/validate.test.ts": [
      {
        "type": "Secret Keyword",
        "filename": "tests/validate.test.ts",
        "hashed_secret": "680e928afc5f623d3c4131649c1de3f2f762e488",
        "is_verified": false,
        "line_number": 99
      },
      {
        "type": "Secret Keyword",
        "filename": "tests/validate.test.ts",
        "hashed_secret": "397e7d18c689159aa0936da48931309da8998492",
        "is_verified": false,
        "line_number": 106
      }
    ]
  },
  "generated_at": "2026-08-25T21:07:34Z"
}
